// Jest Snapshot v1, https://goo.gl/fbAQLP

exports[`<Header /> should render the heading 1`] = `
<div>
  <h1>
    Header
  </h1>
</div>
`;
