// Jest Snapshot v1, https://goo.gl/fbAQLP

exports[`<Main /> should render the element 1`] = `
<main
  class="h-[100vh] bg-[#0A0A0A] flex justify-center items-center"
>
  <h1
    class="text-white text-5xl font-bold"
  >
    Main Component
  </h1>
</main>
`;
